{
  "version": "1.5.0",
  "plugins_used": [
    {
      "name": "ArtifactoryDetector"
    },
    {
      "name": "AWSKeyDetector"
    },
    {
      "name": "AzureStorageKeyDetector"
    },
    {
      "name": "Base64HighEntropyString",
      "limit": 4.5
    },
    {
      "name": "BasicAuthDetector"
    },
    {
      "name": "CloudantDetector"
    },
    {
      "name": "DiscordBotTokenDetector"
    },
    {
      "name": "GitHubTokenDetector"
    },
    {
      "name": "GitLabTokenDetector"
    },
    {
      "name": "HexHighEntropyString",
      "limit": 3.0
    },
    {
      "name": "IbmCloudIamDetector"
    },
    {
      "name": "IbmCosHmacDetector"
    },
    {
      "name": "IPPublicDetector"
    },
    {
      "name": "JwtTokenDetector"
    },
    {
      "name": "KeywordDetector",
      "keyword_exclude": ""
    },
    {
      "name": "MailchimpDetector"
    },
    {
      "name": "NpmDetector"
    },
    {
      "name": "OpenAIDetector"
    },
    {
      "name": "PrivateKeyDetector"
    },
    {
      "name": "PypiTokenDetector"
    },
    {
      "name": "SendGridDetector"
    },
    {
      "name": "SlackDetector"
    },
    {
      "name": "SoftlayerDetector"
    },
    {
      "name": "SquareOAuthDetector"
    },
    {
      "name": "StripeDetector"
    },
    {
      "name": "TelegramBotTokenDetector"
    },
    {
      "name": "TwilioKeyDetector"
    }
  ],
  "filters_used": [
    {
      "path": "detect_secrets.filters.allowlist.is_line_allowlisted"
    },
    {
      "path": "detect_secrets.filters.common.is_baseline_file",
      "filename": ".secrets.baseline"
    },
    {
      "path": "detect_secrets.filters.common.is_ignored_due_to_verification_policies",
      "min_level": 2
    },
    {
      "path": "detect_secrets.filters.heuristic.is_indirect_reference"
    },
    {
      "path": "detect_secrets.filters.heuristic.is_likely_id_string"
    },
    {
      "path": "detect_secrets.filters.heuristic.is_lock_file"
    },
    {
      "path": "detect_secrets.filters.heuristic.is_not_alphanumeric_string"
    },
    {
      "path": "detect_secrets.filters.heuristic.is_potential_uuid"
    },
    {
      "path": "detect_secrets.filters.heuristic.is_prefixed_with_dollar_sign"
    },
    {
      "path": "detect_secrets.filters.heuristic.is_sequential_string"
    },
    {
      "path": "detect_secrets.filters.heuristic.is_swagger_file"
    },
    {
      "path": "detect_secrets.filters.heuristic.is_templated_secret"
    }
  ],
  "results": {
    "brain/db/migrations/20260408_011144_backfill_schema_migrations.sql": [
      {
        "type": "Hex High Entropy String",
        "filename": "brain/db/migrations/20260408_011144_backfill_schema_migrations.sql",
        "hashed_secret": "c3dbe2267038dafc60f744ca539ec847c676d56e",
        "is_verified": false,
        "line_number": 16
      },
      {
        "type": "Hex High Entropy String",
        "filename": "brain/db/migrations/20260408_011144_backfill_schema_migrations.sql",
        "hashed_secret": "9b5cd11a0b0240ae10180fb47f4d712677d25fea",
        "is_verified": false,
        "line_number": 17
      },
      {
        "type": "Hex High Entropy String",
        "filename": "brain/db/migrations/20260408_011144_backfill_schema_migrations.sql",
        "hashed_secret": "d9eabcce73646ff9a2222a5fe7a5fbea696d05fa",
        "is_verified": false,
        "line_number": 18
      },
      {
        "type": "Hex High Entropy String",
        "filename": "brain/db/migrations/20260408_011144_backfill_schema_migrations.sql",
        "hashed_secret": "022207631a7c81df0fd18d18d68c19bfcbd49cb4",
        "is_verified": false,
        "line_number": 19
      },
      {
        "type": "Hex High Entropy String",
        "filename": "brain/db/migrations/20260408_011144_backfill_schema_migrations.sql",
        "hashed_secret": "9b2dcbd03ceb9cc7575086d6642203e7991b1d95",
        "is_verified": false,
        "line_number": 20
      },
      {
        "type": "Hex High Entropy String",
        "filename": "brain/db/migrations/20260408_011144_backfill_schema_migrations.sql",
        "hashed_secret": "45e0dce3ae1c15c930b87739dfedef03e7690fb5",
        "is_verified": false,
        "line_number": 21
      },
      {
        "type": "Hex High Entropy String",
        "filename": "brain/db/migrations/20260408_011144_backfill_schema_migrations.sql",
        "hashed_secret": "04c8d1b3d4e6208073ac945b97f42e581b047b7e",
        "is_verified": false,
        "line_number": 22
      },
      {
        "type": "Hex High Entropy String",
        "filename": "brain/db/migrations/20260408_011144_backfill_schema_migrations.sql",
        "hashed_secret": "a43ea04c284dd81b7fb3f09463df8c624411cd11",
        "is_verified": false,
        "line_number": 23
      },
      {
        "type": "Hex High Entropy String",
        "filename": "brain/db/migrations/20260408_011144_backfill_schema_migrations.sql",
        "hashed_secret": "ddc6d66613e0c36a3df7999ae77f5c6052188946",
        "is_verified": false,
        "line_number": 24
      },
      {
        "type": "Hex High Entropy String",
        "filename": "brain/db/migrations/20260408_011144_backfill_schema_migrations.sql",
        "hashed_secret": "d400e13f43b4174a3f21a90d7605a2ed762d5cb4",
        "is_verified": false,
        "line_number": 25
      },
      {
        "type": "Hex High Entropy String",
        "filename": "brain/db/migrations/20260408_011144_backfill_schema_migrations.sql",
        "hashed_secret": "f8395f171affb7b70eed21add393099b89813d5a",
        "is_verified": false,
        "line_number": 26
      },
      {
        "type": "Hex High Entropy String",
        "filename": "brain/db/migrations/20260408_011144_backfill_schema_migrations.sql",
        "hashed_secret": "51e0c151d4080e7346e452dfc848ff528e04b40e",
        "is_verified": false,
        "line_number": 27
      },
      {
        "type": "Hex High Entropy String",
        "filename": "brain/db/migrations/20260408_011144_backfill_schema_migrations.sql",
        "hashed_secret": "55674b13e6a76cf061a70ceab4b842ea6ae2cc0f",
        "is_verified": false,
        "line_number": 28
      },
      {
        "type": "Hex High Entropy String",
        "filename": "brain/db/migrations/20260408_011144_backfill_schema_migrations.sql",
        "hashed_secret": "f92f46e7fe3503fb4d697e9165daf391fad58099",
        "is_verified": false,
        "line_number": 29
      },
      {
        "type": "Hex High Entropy String",
        "filename": "brain/db/migrations/20260408_011144_backfill_schema_migrations.sql",
        "hashed_secret": "0cddb8e58454b2253f781b4cabb2a7010a8c26cc",
        "is_verified": false,
        "line_number": 30
      },
      {
        "type": "Hex High Entropy String",
        "filename": "brain/db/migrations/20260408_011144_backfill_schema_migrations.sql",
        "hashed_secret": "a8e651b404619fa8a3a5fdd9b1329c28548e78e3",
        "is_verified": false,
        "line_number": 31
      },
      {
        "type": "Hex High Entropy String",
        "filename": "brain/db/migrations/20260408_011144_backfill_schema_migrations.sql",
        "hashed_secret": "4c38a3e873b6104e326d4eed32ce0e27b7f0ed96",
        "is_verified": false,
        "line_number": 32
      },
      {
        "type": "Hex High Entropy String",
        "filename": "brain/db/migrations/20260408_011144_backfill_schema_migrations.sql",
        "hashed_secret": "bbb5ddbbd4095260e3217957677b90dcbceb6f98",
        "is_verified": false,
        "line_number": 33
      },
      {
        "type": "Hex High Entropy String",
        "filename": "brain/db/migrations/20260408_011144_backfill_schema_migrations.sql",
        "hashed_secret": "36b46526fac08f295827e51195fb4954669ba7d2",
        "is_verified": false,
        "line_number": 34
      },
      {
        "type": "Hex High Entropy String",
        "filename": "brain/db/migrations/20260408_011144_backfill_schema_migrations.sql",
        "hashed_secret": "a5ab4ba3daf38523a7876b0153d53569c2f9e8f5",
        "is_verified": false,
        "line_number": 35
      },
      {
        "type": "Hex High Entropy String",
        "filename": "brain/db/migrations/20260408_011144_backfill_schema_migrations.sql",
        "hashed_secret": "d1a0416485224047e10cddee88a08518408888c7",
        "is_verified": false,
        "line_number": 36
      },
      {
        "type": "Hex High Entropy String",
        "filename": "brain/db/migrations/20260408_011144_backfill_schema_migrations.sql",
        "hashed_secret": "4677c79320b2393283f048f5e37ec0f6d5ba7203",
        "is_verified": false,
        "line_number": 37
      },
      {
        "type": "Hex High Entropy String",
        "filename": "brain/db/migrations/20260408_011144_backfill_schema_migrations.sql",
        "hashed_secret": "c3d2cf00823206c8b0438ccc5519173aeefbc86f",
        "is_verified": false,
        "line_number": 38
      }
    ],
    "brain/routes/honeypot.py": [
      {
        "type": "AWS Access Key",
        "filename": "brain/routes/honeypot.py",
        "hashed_secret": "885d7e5aa5074ef98e3535b8d359c0e58c9ebcf7",
        "is_verified": false,
        "line_number": 94
      },
      {
        "type": "Secret Keyword",
        "filename": "brain/routes/honeypot.py",
        "hashed_secret": "c04d0c0bbc1bd3007191cc39d22290a2e4463cb6",
        "is_verified": false,
        "line_number": 151
      },
      {
        "type": "Secret Keyword",
        "filename": "brain/routes/honeypot.py",
        "hashed_secret": "0fb61d64a820befdcf7c9ec0b345750ee165b829",
        "is_verified": false,
        "line_number": 152
      }
    ],
    "db/baselines/baseline_2026-04-07_pre_step7_globals.sql": [
      {
        "type": "Secret Keyword",
        "filename": "db/baselines/baseline_2026-04-07_pre_step7_globals.sql",
        "hashed_secret": "b7d89f5003904491d12f79c8f5218408213b544a",
        "is_verified": false,
        "line_number": 17
      },
      {
        "type": "Secret Keyword",
        "filename": "db/baselines/baseline_2026-04-07_pre_step7_globals.sql",
        "hashed_secret": "6232a87845b0c8834fe5c8d08eaebc0ba19f9526",
        "is_verified": false,
        "line_number": 21
      }
    ],
    "docs/APPROVAL_GATEWAY_SPEC.md": [
      {
        "type": "Hex High Entropy String",
        "filename": "docs/APPROVAL_GATEWAY_SPEC.md",
        "hashed_secret": "ef678205593788329ff416ce5c65fa04f33a05bd",
        "is_verified": false,
        "line_number": 213
      }
    ],
    "docs/JARVIS_Alpha_Architecture_Review_V2.md": [
      {
        "type": "Secret Keyword",
        "filename": "docs/JARVIS_Alpha_Architecture_Review_V2.md",
        "hashed_secret": "fb0ae4f2065abd196e9eeb3c800a49b5d0152c72",
        "is_verified": false,
        "line_number": 213
      }
    ],
    "docs/TD38_LEGACY_ROLES_AUDIT.md": [
      {
        "type": "Secret Keyword",
        "filename": "docs/TD38_LEGACY_ROLES_AUDIT.md",
        "hashed_secret": "81a863d6501bf207b7a0632941b61fba3d12401c",
        "is_verified": false,
        "line_number": 31
      }
    ],
    "scripts/rotate_service_token.py": [
      {
        "type": "Secret Keyword",
        "filename": "scripts/rotate_service_token.py",
        "hashed_secret": "c117a1276cf99ce173eba5cfe995e7699e41f054",
        "is_verified": false,
        "line_number": 53
      },
      {
        "type": "Secret Keyword",
        "filename": "scripts/rotate_service_token.py",
        "hashed_secret": "61e9973ec87eb91e8911eb5f4bad5c827f66a43c",
        "is_verified": false,
        "line_number": 60
      },
      {
        "type": "Secret Keyword",
        "filename": "scripts/rotate_service_token.py",
        "hashed_secret": "3011eb735876816fe532b2ee4c98b3e664a1e1f8",
        "is_verified": false,
        "line_number": 67
      },
      {
        "type": "Secret Keyword",
        "filename": "scripts/rotate_service_token.py",
        "hashed_secret": "02c97cb4ad8236c44ac3b7c3bbc6aa98c661ef0d",
        "is_verified": false,
        "line_number": 81
      },
      {
        "type": "Secret Keyword",
        "filename": "scripts/rotate_service_token.py",
        "hashed_secret": "25c7f5d781c35cc624b335fdfc1174f720fe1183",
        "is_verified": false,
        "line_number": 96
      }
    ],
    "tests/services/test_dream_invariant_checker.py": [
      {
        "type": "Secret Keyword",
        "filename": "tests/services/test_dream_invariant_checker.py",
        "hashed_secret": "9791024fe2f9005d1d29ac7dfb94118062759c24",
        "is_verified": false,
        "line_number": 77
      },
      {
        "type": "Secret Keyword",
        "filename": "tests/services/test_dream_invariant_checker.py",
        "hashed_secret": "fc8c5eb194806e31a213f073131e73b0012a0fb5",
        "is_verified": false,
        "line_number": 88
      },
      {
        "type": "Private Key",
        "filename": "tests/services/test_dream_invariant_checker.py",
        "hashed_secret": "1348b145fa1a555461c1b790a2f66614781091e9",
        "is_verified": false,
        "line_number": 111
      }
    ],
    "ui/src/pages/Vault.tsx": [
      {
        "type": "Secret Keyword",
        "filename": "ui/src/pages/Vault.tsx",
        "hashed_secret": "38bcd9871cc8fc6cbc9eb75bc659edc4b0d1f4e8",
        "is_verified": false,
        "line_number": 16
      }
    ]
  },
  "generated_at": "2026-06-17T16:48:05Z"
}
